[train] resolved config:
 env:
  scenario: grid4x4
  net_file: null
  route_file: null
  additional_sumo_cmd: null
  use_gui: false
  num_episodes: 50
  num_seconds: 3600
agent:
  name: trf_coord
  type: learned
  network:
    type: transformer
    num_heads: 4
    num_enc_layers: 2
    embedding_dim: 64
    neighbour_radius: 1
    include_neighbour_action: true
    dueling: ${dueling}
reward:
  name: dwt
  fn: dwt
seed: 0
seeds: 5
run_dir: /home/namachu/Documents/personal/ATSC_Transformer_DQN_Petting_Zoo_PyTorch/trf_coord_grid4x4_dwt
tracker: tensorboard
wandb_project: traffic-sense-journal
sumo_home: /usr/share/sumo
num_seconds: 800
begin_time: 0
delta_time: 5
yellow_time: 2
min_green: 5
max_green: 60
single_agent: false
num_episodes: 200
learning_starts: 1000
train_freq: 4
batch_size: 64
gamma: 0.99
learning_rate: 0.0001
buffer_size: 50000
target_update_interval: 1000
tau: null
dueling: false
eval_episodes: 1


[train] ===== seed 0 =====
Step #0.00 (0ms ?*RT. ?UPS, TraCI: 36ms, vehicles TOT 0 ACT 0 BUF 0)                     
/home/namachu/Documents/personal/ATSC_Transformer_DQN_Petting_Zoo_PyTorch/.venv/lib/python3.12/site-packages/pettingzoo/utils/conversions.py:132: UserWarning: The base environment `sumo_rl_v0` does not have a `render_mode` defined.
  warnings.warn(
/home/namachu/Documents/personal/ATSC_Transformer_DQN_Petting_Zoo_PyTorch/.venv/lib/python3.12/site-packages/pettingzoo/utils/conversions.py:158: UserWarning: The `action_spaces` dictionary is deprecated. Use the `action_space` function instead.
  warnings.warn(
/home/namachu/Documents/personal/ATSC_Transformer_DQN_Petting_Zoo_PyTorch/agents/trf_coord.py:106: UserWarning: enable_nested_tensor is True, but self.use_nested_tensor is False because encoder_layer.norm_first was True
  self.transformer = nn.TransformerEncoder(encoder_layer, num_layers=num_enc_layers)
/home/namachu/Documents/personal/ATSC_Transformer_DQN_Petting_Zoo_PyTorch/agents/trf_coord.py:106: UserWarning: enable_nested_tensor is True, but self.use_nested_tensor is False because encoder_layer.norm_first was True
  self.transformer = nn.TransformerEncoder(encoder_layer, num_layers=num_enc_layers)
Step #0.00 (0ms ?*RT. ?UPS, TraCI: 1167ms, vehicles TOT 0 ACT 0 BUF 0)                   
 Retrying in 1 seconds
 Retrying in 1 seconds
[train] Adjacency graph built: 16 nodes
  A0: ['A1', 'B0']
  A1: ['A0', 'A2', 'B1']
  A2: ['A1', 'A3', 'B2']
  A3: ['A2', 'B3']
  B0: ['A0', 'B1', 'C0']
  B1: ['A1', 'B0', 'B2', 'C1']
  B2: ['A2', 'B1', 'B3', 'C2']
  B3: ['A3', 'B2', 'C3']
  C0: ['B0', 'C1', 'D0']
  C1: ['B1', 'C0', 'C2', 'D1']
  C2: ['B2', 'C1', 'C3', 'D2']
  C3: ['B3', 'C2', 'D3']
  D0: ['C0', 'D1']
  D1: ['C1', 'D0', 'D2']
  D2: ['C2', 'D1', 'D3']
  D3: ['C3', 'D2']
 Retrying in 1 seconds
  ep    0 | reward     -4.1 | loss 0.0000 | eps 0.998 | updates 0
Step #0.00 (0ms ?*RT. ?UPS, TraCI: 84ms, vehicles TOT 1 ACT 1 BUF 0)                      Step #100.00 (0ms ?*RT. ?UPS, TraCI: 63ms, vehicles TOT 21 ACT 21 BUF 0)                  Step #200.00 (1ms ~= 1000.00*RT, ~36000.00UPS, TraCI: 61ms, vehicles TOT 45 ACT 36 BUF 0) Step #300.00 (1ms ~= 1000.00*RT, ~48000.00UPS, TraCI: 82ms, vehicles TOT 67 ACT 48 BUF 0) Step #400.00 (1ms ~= 1000.00*RT, ~38000.00UPS, TraCI: 78ms, vehicles TOT 84 ACT 38 BUF 0) Step #500.00 (0ms ?*RT. ?UPS, TraCI: 85ms, vehicles TOT 115 ACT 54 BUF 0)                 Step #600.00 (1ms ~= 1000.00*RT, ~55000.00UPS, TraCI: 86ms, vehicles TOT 141 ACT 55 BUF 0)Step #700.00 (1ms ~= 1000.00*RT, ~54000.00UPS, TraCI: 85ms, vehicles TOT 164 ACT 54 BUF 0)Step #800.00 (0ms ?*RT. ?UPS, TraCI: 78ms, vehicles TOT 190 ACT 53 BUF 0)                 
